// Jest Snapshot v1, https://goo.gl/fbAQLP

exports[`ImageCardSelect should match a snapshot 1`] = `
<View
  accessibilityState={
    {
      "busy": undefined,
      "checked": undefined,
      "disabled": undefined,
      "expanded": undefined,
      "selected": undefined,
    }
  }
  accessibilityValue={
    {
      "max": undefined,
      "min": undefined,
      "now": undefined,
      "text": undefined,
    }
  }
  accessible={true}
  collapsable={false}
  focusable={true}
  onClick={[Function]}
  onResponderGrant={[Function]}
  onResponderMove={[Function]}
  onResponderRelease={[Function]}
  onResponderTerminate={[Function]}
  onResponderTerminationRequest={[Function]}
  onStartShouldSetResponder={[Function]}
  style={
    {
      "backgroundColor": "#fff",
      "borderBottomLeftRadius": 8,
      "borderBottomRightRadius": 8,
      "borderColor": "transparent",
      "borderStyle": "solid",
      "borderTopLeftRadius": 8,
      "borderTopRightRadius": 8,
      "borderWidth": 2,
      "elevation": 9,
      "height": 100,
      "opacity": 1,
      "paddingBottom": 12,
      "paddingLeft": 12,
      "paddingRight": 12,
      "paddingTop": 12,
      "shadowColor": "#000",
      "shadowOffset": {
        "height": 4,
        "width": 0,
      },
      "shadowOpacity": 0.32,
      "shadowRadius": 5.46,
      "width": 71.42857142857143,
    }
  }
  testID="image-card-select-button"
>
  <Image
    resizeMode="contain"
    source={
      {
        "uri": "url1",
      }
    }
    style={
      {
        "flexBasis": 0,
        "flexGrow": 1,
        "flexShrink": 1,
      }
    }
  />
</View>
`;
