// Jest Snapshot v1, https://goo.gl/fbAQLP

exports[`ProductDetailsScreen should match a snapshot 1`] = `null`;
