// Jest Snapshot v1, https://goo.gl/fbAQLP

exports[`ProductListScreen should match a snapshot 1`] = `null`;
